// Jest Snapshot v1, https://goo.gl/fbAQLP

exports[`SavedSong renders correctly 1`] = `
.c7 {
  background: transparent;
  border: none;
  border-radius: 50%;
  box-shadow: none;
  fill: var(--primary-regular);
  height: 52px;
  padding: 16px;
  width: 52px;
}

.c7:focus {
  outline: 0;
}

.c2 {
  background: transparent;
  border: none;
  border-radius: 34px 10px 10px 34px;
  box-shadow: none;
  fill: var(--cta-red);
  height: 50px;
  padding: 16px;
  width: 50px;
}

.c2:disabled {
  background: var(--spotify-green-transparent);
  fill: var(--white);
}

.c2:focus {
  outline: 0;
}

.c0 {
  display: grid;
  -webkit-column-gap: 8px;
  column-gap: 8px;
  grid-template-columns: 52px auto;
  grid-template-rows: auto;
  padding: 0 22px;
}

.c1 {
  box-shadow: var(--shadow-light);
  border-radius: 34px 10px 10px 34px;
  display: grid;
  grid-template-rows: auto;
  padding: 4px 2px;
  place-items: center;
}

.c3 {
  box-shadow: var(--shadow-light);
  border-radius: 10px 34px 34px 10px;
  display: grid;
  grid-template-columns: 80% auto;
  grid-template-rows: auto;
  padding: 4px 4px 4px 12px;
}

.c4 {
  -webkit-align-self: end;
  -ms-flex-item-align: end;
  align-self: end;
  color: var(--primary-regular);
  font-size: 0.9em;
  font-weight: 300;
  text-transform: uppercase;
}

.c5 {
  -webkit-align-self: start;
  -ms-flex-item-align: start;
  align-self: start;
  color: var(--primary-regular);
  grid-row-start: 2;
  font-size: 0.9em;
  font-weight: 700;
  text-transform: uppercase;
  line-height: 1;
}

.c6 {
  grid-column-start: 3;
  grid-row: 1/3;
  justify-self: end;
  -webkit-align-self: center;
  -ms-flex-item-align: center;
  align-self: center;
}

<li
  class="c0"
>
  <section
    class="c1"
  >
    <button
      class="c2"
      data-testid="prepare-delete-button"
      style="transform: none;"
    >
      <svg>
        x.svg
      </svg>
    </button>
  </section>
  <section
    class="c3"
  >
    <span
      class="c4"
    >
      Unprocessed
    </span>
    <span
      class="c5"
    >
      Real
    </span>
    <div
      class="c6"
    >
      <button
        class="c7"
        data-testid="audio-button"
        style="transform: none;"
      >
        <svg
          title="play"
        >
          play.svg
        </svg>
      </button>
    </div>
  </section>
</li>
`;
