// Jest Snapshot v1, https://goo.gl/fbAQLP

exports[`Song renders correctly 1`] = `
.c0 {
  height: 100vh;
}

<section
  class="c0"
/>
`;
