// Jest Snapshot v1, https://goo.gl/fbAQLP

exports[`UnmuteMessage renders correctly 1`] = `
.c0 {
  background: var(--white-transparent-min);
  border-radius: 20px;
  box-shadow: var(--shadow-light);
  display: -webkit-box;
  display: -webkit-flex;
  display: -ms-flexbox;
  display: flex;
  -webkit-box-pack: center;
  -webkit-justify-content: center;
  -ms-flex-pack: center;
  justify-content: center;
  padding: 8px;
  margin: 20px auto;
  width: 80%;
}

.c0 p {
  color: var(--primary-regular);
  font-size: 0.7em;
  font-weight: 700;
  margin: 0;
  text-align: center;
}

.c1 {
  width: 10px;
  margin-left: 10px;
  fill: var(--primary-regular);
}

<section
  class="c0"
  data-testid="message"
>
  <p>
    Please unmute your device.
  </p>
  <svg
    class="c1"
  >
    arrow.svg
  </svg>
</section>
`;
